2026-01-25 23:39:02,925 INFO o.a.j.u.JMeterUtils: Setting Locale to en_EN
2026-01-25 23:39:02,940 INFO o.a.j.JMeter: Loading user properties from: /opt/homebrew/Cellar/jmeter/5.6.3/libexec/bin/user.properties
2026-01-25 23:39:02,941 INFO o.a.j.JMeter: Loading system properties from: /opt/homebrew/Cellar/jmeter/5.6.3/libexec/bin/system.properties
2026-01-25 23:39:02,945 INFO o.a.j.JMeter: Copyright (c) 1998-2024 The Apache Software Foundation
2026-01-25 23:39:02,946 INFO o.a.j.JMeter: Version 5.6.3
2026-01-25 23:39:02,946 INFO o.a.j.JMeter: java.version=21.0.9
2026-01-25 23:39:02,946 INFO o.a.j.JMeter: java.vm.name=OpenJDK 64-Bit Server VM
2026-01-25 23:39:02,946 INFO o.a.j.JMeter: os.name=Mac OS X
2026-01-25 23:39:02,946 INFO o.a.j.JMeter: os.arch=aarch64
2026-01-25 23:39:02,946 INFO o.a.j.JMeter: os.version=26.2
2026-01-25 23:39:02,946 INFO o.a.j.JMeter: file.encoding=UTF-8
2026-01-25 23:39:02,946 INFO o.a.j.JMeter: java.awt.headless=true
2026-01-25 23:39:02,946 INFO o.a.j.JMeter: Max memory     =1073741824
2026-01-25 23:39:02,946 INFO o.a.j.JMeter: Available Processors =8
2026-01-25 23:39:02,952 INFO o.a.j.JMeter: Default Locale=English (EN)
2026-01-25 23:39:02,952 INFO o.a.j.JMeter: JMeter  Locale=English (EN)
2026-01-25 23:39:02,952 INFO o.a.j.JMeter: JMeterHome=/opt/homebrew/Cellar/jmeter/5.6.3/libexec
2026-01-25 23:39:02,952 INFO o.a.j.JMeter: user.dir  =/Users/amandeepsinghroutela/Desktop/PW_Assignment
2026-01-25 23:39:02,952 INFO o.a.j.JMeter: PWD       =/Users/amandeepsinghroutela/Desktop/PW_Assignment
2026-01-25 23:39:02,954 INFO o.a.j.JMeter: IP: 127.0.0.1 Name: Amandeeps-MacBook-Air.local FullName: localhost
2026-01-25 23:39:02,964 INFO o.a.j.s.FileServer: Default base='/Users/amandeepsinghroutela/Desktop/PW_Assignment'
2026-01-25 23:39:02,966 INFO o.a.j.s.FileServer: Set new base='/Users/amandeepsinghroutela/Desktop/PW_Assignment/Assignment-11/frontend-load-test/jmeter-test'
2026-01-25 23:39:03,083 INFO o.a.j.s.SaveService: Testplan (JMX) version: 2.2. Testlog (JTL) version: 2.2
2026-01-25 23:39:03,109 INFO o.a.j.s.SaveService: Using SaveService properties version 5.0
2026-01-25 23:39:03,110 INFO o.a.j.s.SaveService: Using SaveService properties file encoding UTF-8
2026-01-25 23:39:03,112 INFO o.a.j.s.SaveService: Loading file: /Users/amandeepsinghroutela/Desktop/PW_Assignment/Assignment-11/frontend-load-test/jmeter-test/frontend_load_test.jmx
2026-01-25 23:39:03,146 INFO o.a.j.p.h.s.HTTPSamplerBase: Parser for text/html is org.apache.jmeter.protocol.http.parser.LagartoBasedHtmlParser
2026-01-25 23:39:03,146 INFO o.a.j.p.h.s.HTTPSamplerBase: Parser for application/xhtml+xml is org.apache.jmeter.protocol.http.parser.LagartoBasedHtmlParser
2026-01-25 23:39:03,146 INFO o.a.j.p.h.s.HTTPSamplerBase: Parser for application/xml is org.apache.jmeter.protocol.http.parser.LagartoBasedHtmlParser
2026-01-25 23:39:03,146 INFO o.a.j.p.h.s.HTTPSamplerBase: Parser for text/xml is org.apache.jmeter.protocol.http.parser.LagartoBasedHtmlParser
2026-01-25 23:39:03,147 INFO o.a.j.p.h.s.HTTPSamplerBase: Parser for text/vnd.wap.wml is org.apache.jmeter.protocol.http.parser.RegexpHTMLParser
2026-01-25 23:39:03,147 INFO o.a.j.p.h.s.HTTPSamplerBase: Parser for text/css is org.apache.jmeter.protocol.http.parser.CssParser
2026-01-25 23:39:03,161 INFO o.a.j.JMeter: Creating summariser <summary>
2026-01-25 23:39:03,170 INFO o.a.j.e.StandardJMeterEngine: Running the test!
2026-01-25 23:39:03,170 INFO o.a.j.s.SampleEvent: List of sample_variables: []
2026-01-25 23:39:03,170 INFO o.a.j.s.SampleEvent: List of sample_variables: []
2026-01-25 23:39:03,173 INFO o.a.j.e.u.CompoundVariable: Note: Function class names must contain the string: '.functions.'
2026-01-25 23:39:03,173 INFO o.a.j.e.u.CompoundVariable: Note: Function class names must not contain the string: '.gui.'
2026-01-25 23:39:03,207 INFO o.a.j.r.ClassFinder: Will scan jar /opt/homebrew/Cellar/jmeter/5.6.3/libexec/lib/ext/jmeter-plugins-manager-1.9.jar with filter ExtendsClassFilter [parents=[interface org.apache.jmeter.functions.Function], inner=false, contains=null, notContains=null]. Consider exposing JMeter plugins via META-INF/services, and add JMeter-Skip-Class-Scanning=true manifest attribute so JMeter can skip classfile scanning
2026-01-25 23:39:03,259 INFO o.a.j.JMeter: Running test (1769364543258)
2026-01-25 23:39:03,267 INFO o.a.j.e.StandardJMeterEngine: Starting ThreadGroup: 1 : Thread Group
2026-01-25 23:39:03,267 INFO o.a.j.e.StandardJMeterEngine: Starting 10 threads for group Thread Group.
2026-01-25 23:39:03,268 INFO o.a.j.e.StandardJMeterEngine: Thread will continue on error
2026-01-25 23:39:03,268 INFO o.a.j.t.ThreadGroup: Starting thread group... number=1 threads=10 ramp-up=5 delayedStart=false
2026-01-25 23:39:03,271 INFO o.a.j.t.JMeterThread: Thread started: Thread Group 1-1
2026-01-25 23:39:03,271 INFO o.a.j.t.ThreadGroup: Started thread group number 1
2026-01-25 23:39:03,271 INFO o.a.j.e.StandardJMeterEngine: All thread groups have been started
2026-01-25 23:39:03,280 INFO o.a.j.p.h.s.HTTPHCAbstractImpl: Local host = Amandeeps-MacBook-Air.local
2026-01-25 23:39:03,283 INFO o.a.j.p.h.s.HTTPHC4Impl: HTTP request retry count = 0
2026-01-25 23:39:03,284 INFO o.a.j.s.SampleResult: Note: Sample TimeStamps are START times
2026-01-25 23:39:03,284 INFO o.a.j.s.SampleResult: sampleresult.default.encoding is set to UTF-8
2026-01-25 23:39:03,284 INFO o.a.j.s.SampleResult: sampleresult.useNanoTime=true
2026-01-25 23:39:03,284 INFO o.a.j.s.SampleResult: sampleresult.nanoThreadSleep=5000
2026-01-25 23:39:03,343 INFO o.a.j.p.h.s.h.LazyLayeredConnectionSocketFactory: Setting up HTTPS TrustAll Socket Factory
2026-01-25 23:39:03,346 INFO o.a.j.u.JsseSSLManager: Using default SSL protocol: TLS
2026-01-25 23:39:03,346 INFO o.a.j.u.JsseSSLManager: SSL session context: per-thread
2026-01-25 23:39:03,410 INFO o.a.j.u.SSLManager: JmeterKeyStore Location:  type JKS
2026-01-25 23:39:03,412 INFO o.a.j.u.SSLManager: KeyStore created OK
2026-01-25 23:39:03,412 WARN o.a.j.u.SSLManager: Keystore file not found, loading empty keystore
2026-01-25 23:39:03,582 INFO o.a.j.r.Summariser: summary +      1 in 00:00:00 =    3.1/s Avg:   266 Min:   266 Max:   266 Err:     0 (0.00%) Active: 1 Started: 1 Finished: 0
2026-01-25 23:39:03,773 INFO o.a.j.t.JMeterThread: Thread started: Thread Group 1-2
2026-01-25 23:39:03,814 INFO o.a.j.t.JMeterThread: Thread is done: Thread Group 1-1
2026-01-25 23:39:03,814 INFO o.a.j.t.JMeterThread: Thread finished: Thread Group 1-1
2026-01-25 23:39:04,274 INFO o.a.j.t.JMeterThread: Thread started: Thread Group 1-3
2026-01-25 23:39:04,277 INFO o.a.j.t.JMeterThread: Thread is done: Thread Group 1-2
2026-01-25 23:39:04,278 INFO o.a.j.t.JMeterThread: Thread finished: Thread Group 1-2
2026-01-25 23:39:04,585 INFO o.a.j.t.JMeterThread: Thread is done: Thread Group 1-3
2026-01-25 23:39:04,585 INFO o.a.j.t.JMeterThread: Thread finished: Thread Group 1-3
2026-01-25 23:39:04,773 INFO o.a.j.t.JMeterThread: Thread started: Thread Group 1-4
2026-01-25 23:39:05,086 INFO o.a.j.t.JMeterThread: Thread is done: Thread Group 1-4
2026-01-25 23:39:05,086 INFO o.a.j.t.JMeterThread: Thread finished: Thread Group 1-4
2026-01-25 23:39:05,274 INFO o.a.j.t.JMeterThread: Thread started: Thread Group 1-5
2026-01-25 23:39:05,587 INFO o.a.j.t.JMeterThread: Thread is done: Thread Group 1-5
2026-01-25 23:39:05,587 INFO o.a.j.t.JMeterThread: Thread finished: Thread Group 1-5
2026-01-25 23:39:05,774 INFO o.a.j.t.JMeterThread: Thread started: Thread Group 1-6
2026-01-25 23:39:06,079 INFO o.a.j.t.JMeterThread: Thread is done: Thread Group 1-6
2026-01-25 23:39:06,080 INFO o.a.j.t.JMeterThread: Thread finished: Thread Group 1-6
2026-01-25 23:39:06,273 INFO o.a.j.t.JMeterThread: Thread started: Thread Group 1-7
2026-01-25 23:39:06,563 INFO o.a.j.t.JMeterThread: Thread is done: Thread Group 1-7
2026-01-25 23:39:06,563 INFO o.a.j.t.JMeterThread: Thread finished: Thread Group 1-7
2026-01-25 23:39:06,774 INFO o.a.j.t.JMeterThread: Thread started: Thread Group 1-8
2026-01-25 23:39:07,079 INFO o.a.j.t.JMeterThread: Thread is done: Thread Group 1-8
2026-01-25 23:39:07,080 INFO o.a.j.t.JMeterThread: Thread finished: Thread Group 1-8
2026-01-25 23:39:07,271 INFO o.a.j.t.JMeterThread: Thread started: Thread Group 1-9
2026-01-25 23:39:07,583 INFO o.a.j.t.JMeterThread: Thread is done: Thread Group 1-9
2026-01-25 23:39:07,583 INFO o.a.j.t.JMeterThread: Thread finished: Thread Group 1-9
2026-01-25 23:39:07,774 INFO o.a.j.t.JMeterThread: Thread started: Thread Group 1-10
2026-01-25 23:39:08,091 INFO o.a.j.t.JMeterThread: Thread is done: Thread Group 1-10
2026-01-25 23:39:08,092 INFO o.a.j.t.JMeterThread: Thread finished: Thread Group 1-10
2026-01-25 23:39:08,093 INFO o.a.j.e.StandardJMeterEngine: Notifying test listeners of end of test
2026-01-25 23:39:08,094 INFO o.a.j.r.Summariser: summary +     99 in 00:00:05 =   21.9/s Avg:    31 Min:    17 Max:   209 Err:     0 (0.00%) Active: 0 Started: 10 Finished: 10
2026-01-25 23:39:08,095 INFO o.a.j.r.Summariser: summary =    100 in 00:00:05 =   20.7/s Avg:    33 Min:    17 Max:   266 Err:     0 (0.00%)
